C:\Users\dleal.MATSUI-JPO\Documents\git\GitTeian\Automation-Studio\Language\Logical\Global.typ
C:\Users\dleal.MATSUI-JPO\Documents\git\GitTeian\Automation-Studio\Language\Logical\Global.var
C:\Users\dleal.MATSUI-JPO\Documents\git\GitTeian\Automation-Studio\Language\Logical\Libraries\operator\operator.fun
C:\Users\dleal.MATSUI-JPO\Documents\git\GitTeian\Automation-Studio\Language\Logical\Libraries\operator\operator.typ
C:\Users\dleal.MATSUI-JPO\Documents\git\GitTeian\Automation-Studio\Language\Logical\Libraries\operator\operator.var
C:\Users\dleal.MATSUI-JPO\Documents\git\GitTeian\Automation-Studio\Language\Logical\Libraries\runtime\runtime.fun
C:\Users\dleal.MATSUI-JPO\Documents\git\GitTeian\Automation-Studio\Language\Logical\Libraries\runtime\runtime.typ
C:\Users\dleal.MATSUI-JPO\Documents\git\GitTeian\Automation-Studio\Language\Logical\Libraries\runtime\runtime.var
C:\Users\dleal.MATSUI-JPO\Documents\git\GitTeian\Automation-Studio\Language\Logical\Libraries\astime\astime.fun
C:\Users\dleal.MATSUI-JPO\Documents\git\GitTeian\Automation-Studio\Language\Logical\Libraries\astime\astime.typ
C:\Users\dleal.MATSUI-JPO\Documents\git\GitTeian\Automation-Studio\Language\Logical\Libraries\astime\astime.var
C:\Users\dleal.MATSUI-JPO\Documents\git\GitTeian\Automation-Studio\Language\Logical\Libraries\AsIecCon\AsIecCon.fun
C:\Users\dleal.MATSUI-JPO\Documents\git\GitTeian\Automation-Studio\Language\Logical\Libraries\AsIecCon\AsIecCon.typ
C:\Users\dleal.MATSUI-JPO\Documents\git\GitTeian\Automation-Studio\Language\Logical\Libraries\AsIecCon\AsIecCon.var
